
> build
> vite build

[36mvite v5.2.8 [32mbuilding for production...[36m[39m
node.exe : [baseline-browser-mapping] The data in this module is over two 
months old.  To ensure accurate Baseline data, please update: `npm i 
baseline-browser-mapping@latest -D`
At line:1 char:1
+ & "C:\Program Files\nodejs/node.exe" "C:\Program Files\nodejs/node_mo ...
+ ~~~~~~~~~~~~~~~~~~~~~~~~~~~~~~~~~~~~~~~~~~~~~~~~~~~~~~~~~~~~~~~~~~~~~
    + CategoryInfo          : NotSpecified: ([baseline-brows...ping@latest -D` 
   :String) [], RemoteException
    + FullyQualifiedErrorId : NativeCommandError
 
Browserslist: browsers data (caniuse-lite) is 8 months old. Please run:
  npx update-browserslist-db@latest
  Why you should do it regularly: 
https://github.com/browserslist/update-db#readme
transforming...
[32mΓ£ô[39m 2542 modules transformed.
[33mwarnings when minifying css:
Γû▓ [WARNING] Expected identifier but found whitespace [css-syntax-error]

    <stdin>:2505:21:
      2505 Γöé   --tw-gradient-from: {{$site primary color}} 
var(--tw-gradient-...
           Γò╡                      ^


Γû▓ [WARNING] Unexpected "{" [css-syntax-error]

    <stdin>:2505:23:
      2505 Γöé   --tw-gradient-from: {{$site primary color}} 
var(--tw-gradient-...
           Γò╡                        ^


Γû▓ [WARNING] Expected identifier but found "$" [css-syntax-error]

    <stdin>:2505:24:
      2505 Γöé   --tw-gradient-from: {{$site primary color}} 
var(--tw-gradient-...
           Γò╡                         ^


Γû▓ [WARNING] Expected identifier but found "var(" [css-syntax-error]

    <stdin>:2505:46:
      2505 Γöé ...-from: {{$site primary color}} 
var(--tw-gradient-from-position);
           Γò╡                                   ~~~~


Γû▓ [WARNING] Expected identifier but found whitespace [css-syntax-error]

    <stdin>:2510:21:
      2510 Γöé   --tw-gradient-from: {{$site secondary color}} 
var(--tw-gradien...
           Γò╡                      ^


Γû▓ [WARNING] Unexpected "{" [css-syntax-error]

    <stdin>:2510:23:
      2510 Γöé   --tw-gradient-from: {{$site secondary color}} 
var(--tw-gradien...
           Γò╡                        ^


Γû▓ [WARNING] Expected identifier but found "$" [css-syntax-error]

    <stdin>:2510:24:
      2510 Γöé   --tw-gradient-from: {{$site secondary color}} 
var(--tw-gradien...
           Γò╡                         ^


Γû▓ [WARNING] Expected identifier but found "var(" [css-syntax-error]

    <stdin>:2510:48:
      2510 Γöé ...rom: {{$site secondary color}} 
var(--tw-gradient-from-position);
           Γò╡                                   ~~~~


Γû▓ [WARNING] Expected identifier but found whitespace [css-syntax-error]

    <stdin>:2611:22:
      2611 Γöé   --tw-gradient-stops: var(--tw-gradient-from), {{$site primary 
...
           Γò╡                       ^


Γû▓ [WARNING] Unexpected "var(" [css-syntax-error]

    <stdin>:2611:23:
      2611 Γöé   --tw-gradient-stops: var(--tw-gradient-from), {{$site primary 
...
           Γò╡                        ~~~~


Γû▓ [WARNING] Unexpected "{" [css-syntax-error]

    <stdin>:2611:49:
      2611 Γöé ...ps: var(--tw-gradient-from), {{$site primary color}} 
var(--tw...
           Γò╡                                  ^


Γû▓ [WARNING] Expected identifier but found "$" [css-syntax-error]

    <stdin>:2611:50:
      2611 Γöé ...s: var(--tw-gradient-from), {{$site primary color}} 
var(--tw-...
           Γò╡                                  ^


Γû▓ [WARNING] Expected identifier but found "var(" [css-syntax-error]

    <stdin>:2611:72:
      2611 Γöé ...om), {{$site primary color}} 
var(--tw-gradient-via-position),...
           Γò╡                                 ~~~~


Γû▓ [WARNING] Expected identifier but found whitespace [css-syntax-error]

    <stdin>:2643:19:
      2643 Γöé   --tw-gradient-to: {{$site primary color}} 
var(--tw-gradient-to...
           Γò╡                    ^


Γû▓ [WARNING] Unexpected "{" [css-syntax-error]

    <stdin>:2643:21:
      2643 Γöé   --tw-gradient-to: {{$site primary color}} 
var(--tw-gradient-to...
           Γò╡                      ^


Γû▓ [WARNING] Expected identifier but found "$" [css-syntax-error]

    <stdin>:2643:22:
      2643 Γöé   --tw-gradient-to: {{$site primary color}} 
var(--tw-gradient-to...
           Γò╡                       ^


Γû▓ [WARNING] Expected identifier but found "var(" [css-syntax-error]

    <stdin>:2643:44:
      2643 Γöé ...ient-to: {{$site primary color}} 
var(--tw-gradient-to-position);
           Γò╡                                     ~~~~


Γû▓ [WARNING] Expected identifier but found whitespace [css-syntax-error]

    <stdin>:2646:19:
      2646 Γöé   --tw-gradient-to: {{$site secondary color}} 
var(--tw-gradient-...
           Γò╡                    ^


Γû▓ [WARNING] Unexpected "{" [css-syntax-error]

    <stdin>:2646:21:
      2646 Γöé   --tw-gradient-to: {{$site secondary color}} 
var(--tw-gradient-...
           Γò╡                      ^


Γû▓ [WARNING] Expected identifier but found "$" [css-syntax-error]

    <stdin>:2646:22:
      2646 Γöé   --tw-gradient-to: {{$site secondary color}} 
var(--tw-gradient-...
           Γò╡                       ^


Γû▓ [WARNING] Expected identifier but found "var(" [css-syntax-error]

    <stdin>:2646:46:
      2646 Γöé ...nt-to: {{$site secondary color}} 
var(--tw-gradient-to-position);
           Γò╡                                     ~~~~


Γû▓ [WARNING] Expected identifier but found whitespace [css-syntax-error]

    <stdin>:4241:18:
      4241 Γöé   --tw-ring-color: {{$site primary color}};
           Γò╡                   ^


Γû▓ [WARNING] Unexpected "{" [css-syntax-error]

    <stdin>:4241:20:
      4241 Γöé   --tw-ring-color: {{$site primary color}};
           Γò╡                     ^


Γû▓ [WARNING] Expected identifier but found "$" [css-syntax-error]

    <stdin>:4241:21:
      4241 Γöé   --tw-ring-color: {{$site primary color}};
           Γò╡                      ^


Γû▓ [WARNING] Expected identifier but found whitespace [css-syntax-error]

    <stdin>:4244:18:
      4244 Γöé   --tw-ring-color: {{$site secondary color}};
           Γò╡                   ^


Γû▓ [WARNING] Unexpected "{" [css-syntax-error]

    <stdin>:4244:20:
      4244 Γöé   --tw-ring-color: {{$site secondary color}};
           Γò╡                     ^


Γû▓ [WARNING] Expected identifier but found "$" [css-syntax-error]

    <stdin>:4244:21:
      4244 Γöé   --tw-ring-color: {{$site secondary color}};
           Γò╡                      ^


Γû▓ [WARNING] Expected identifier but found whitespace [css-syntax-error]

    <stdin>:4414:18:
      4414 Γöé   --tw-ring-color: {{$site primary color}};
           Γò╡                   ^


Γû▓ [WARNING] Unexpected "{" [css-syntax-error]

    <stdin>:4414:20:
      4414 Γöé   --tw-ring-color: {{$site primary color}};
           Γò╡                     ^


Γû▓ [WARNING] Expected identifier but found "$" [css-syntax-error]

    <stdin>:4414:21:
      4414 Γöé   --tw-ring-color: {{$site primary color}};
           Γò╡                      ^


Γû▓ [WARNING] Expected identifier but found whitespace [css-syntax-error]

    <stdin>:5102:18:
      5102 Γöé   --tw-ring-color: {{$site primary color}};
           Γò╡                   ^


Γû▓ [WARNING] Unexpected "{" [css-syntax-error]

    <stdin>:5102:20:
      5102 Γöé   --tw-ring-color: {{$site primary color}};
           Γò╡                     ^


Γû▓ [WARNING] Expected identifier but found "$" [css-syntax-error]

    <stdin>:5102:21:
      5102 Γöé   --tw-ring-color: {{$site primary color}};
           Γò╡                      ^

[39m
[33mwarnings when minifying css:
Γû▓ [WARNING] Expected identifier but found whitespace [css-syntax-error]

    <stdin>:2505:21:
      2505 Γöé   --tw-gradient-from: {{$site primary color}} 
var(--tw-gradient-...
           Γò╡                      ^


Γû▓ [WARNING] Unexpected "{" [css-syntax-error]

    <stdin>:2505:23:
      2505 Γöé   --tw-gradient-from: {{$site primary color}} 
var(--tw-gradient-...
           Γò╡                        ^


Γû▓ [WARNING] Expected identifier but found "$" [css-syntax-error]

    <stdin>:2505:24:
      2505 Γöé   --tw-gradient-from: {{$site primary color}} 
var(--tw-gradient-...
           Γò╡                         ^


Γû▓ [WARNING] Expected identifier but found "var(" [css-syntax-error]

    <stdin>:2505:46:
      2505 Γöé ...-from: {{$site primary color}} 
var(--tw-gradient-from-position);
           Γò╡                                   ~~~~


Γû▓ [WARNING] Expected identifier but found whitespace [css-syntax-error]

    <stdin>:2510:21:
      2510 Γöé   --tw-gradient-from: {{$site secondary color}} 
var(--tw-gradien...
           Γò╡                      ^


Γû▓ [WARNING] Unexpected "{" [css-syntax-error]

    <stdin>:2510:23:
      2510 Γöé   --tw-gradient-from: {{$site secondary color}} 
var(--tw-gradien...
           Γò╡                        ^


Γû▓ [WARNING] Expected identifier but found "$" [css-syntax-error]

    <stdin>:2510:24:
      2510 Γöé   --tw-gradient-from: {{$site secondary color}} 
var(--tw-gradien...
           Γò╡                         ^


Γû▓ [WARNING] Expected identifier but found "var(" [css-syntax-error]

rendering chunks...
    <stdin>:2510:48:
      2510 Γöé ...rom: {{$site secondary color}} 
var(--tw-gradient-from-position);
           Γò╡                                   ~~~~


Γû▓ [WARNING] Expected identifier but found whitespace [css-syntax-error]

    <stdin>:2611:22:
      2611 Γöé   --tw-gradient-stops: var(--tw-gradient-from), {{$site primary 
...
           Γò╡                       ^


Γû▓ [WARNING] Unexpected "var(" [css-syntax-error]

    <stdin>:2611:23:
      2611 Γöé   --tw-gradient-stops: var(--tw-gradient-from), {{$site primary 
...
           Γò╡                        ~~~~


Γû▓ [WARNING] Unexpected "{" [css-syntax-error]

    <stdin>:2611:49:
      2611 Γöé ...ps: var(--tw-gradient-from), {{$site primary color}} 
var(--tw...
           Γò╡                                  ^


Γû▓ [WARNING] Expected identifier but found "$" [css-syntax-error]

    <stdin>:2611:50:
      2611 Γöé ...s: var(--tw-gradient-from), {{$site primary color}} 
var(--tw-...
           Γò╡                                  ^


Γû▓ [WARNING] Expected identifier but found "var(" [css-syntax-error]

    <stdin>:2611:72:
      2611 Γöé ...om), {{$site primary color}} 
var(--tw-gradient-via-position),...
           Γò╡                                 ~~~~


Γû▓ [WARNING] Expected identifier but found whitespace [css-syntax-error]

    <stdin>:2643:19:
      2643 Γöé   --tw-gradient-to: {{$site primary color}} 
var(--tw-gradient-to...
           Γò╡                    ^


Γû▓ [WARNING] Unexpected "{" [css-syntax-error]

    <stdin>:2643:21:
      2643 Γöé   --tw-gradient-to: {{$site primary color}} 
var(--tw-gradient-to...
           Γò╡                      ^


Γû▓ [WARNING] Expected identifier but found "$" [css-syntax-error]

    <stdin>:2643:22:
      2643 Γöé   --tw-gradient-to: {{$site primary color}} 
var(--tw-gradient-to...
           Γò╡                       ^


Γû▓ [WARNING] Expected identifier but found "var(" [css-syntax-error]

    <stdin>:2643:44:
      2643 Γöé ...ient-to: {{$site primary color}} 
var(--tw-gradient-to-position);
           Γò╡                                     ~~~~


Γû▓ [WARNING] Expected identifier but found whitespace [css-syntax-error]

    <stdin>:2646:19:
      2646 Γöé   --tw-gradient-to: {{$site secondary color}} 
var(--tw-gradient-...
           Γò╡                    ^


Γû▓ [WARNING] Unexpected "{" [css-syntax-error]

    <stdin>:2646:21:
      2646 Γöé   --tw-gradient-to: {{$site secondary color}} 
var(--tw-gradient-...
           Γò╡                      ^


Γû▓ [WARNING] Expected identifier but found "$" [css-syntax-error]

    <stdin>:2646:22:
      2646 Γöé   --tw-gradient-to: {{$site secondary color}} 
var(--tw-gradient-...
           Γò╡                       ^


Γû▓ [WARNING] Expected identifier but found "var(" [css-syntax-error]

    <stdin>:2646:46:
      2646 Γöé ...nt-to: {{$site secondary color}} 
var(--tw-gradient-to-position);
           Γò╡                                     ~~~~


Γû▓ [WARNING] Expected identifier but found whitespace [css-syntax-error]

    <stdin>:4241:18:
      4241 Γöé   --tw-ring-color: {{$site primary color}};
           Γò╡                   ^


Γû▓ [WARNING] Unexpected "{" [css-syntax-error]

    <stdin>:4241:20:
      4241 Γöé   --tw-ring-color: {{$site primary color}};
           Γò╡                     ^


Γû▓ [WARNING] Expected identifier but found "$" [css-syntax-error]

    <stdin>:4241:21:
      4241 Γöé   --tw-ring-color: {{$site primary color}};
           Γò╡                      ^


Γû▓ [WARNING] Expected identifier but found whitespace [css-syntax-error]

    <stdin>:4244:18:
      4244 Γöé   --tw-ring-color: {{$site secondary color}};
           Γò╡                   ^


Γû▓ [WARNING] Unexpected "{" [css-syntax-error]

    <stdin>:4244:20:
      4244 Γöé   --tw-ring-color: {{$site secondary color}};
           Γò╡                     ^


Γû▓ [WARNING] Expected identifier but found "$" [css-syntax-error]

    <stdin>:4244:21:
      4244 Γöé   --tw-ring-color: {{$site secondary color}};
           Γò╡                      ^


Γû▓ [WARNING] Expected identifier but found whitespace [css-syntax-error]

    <stdin>:4414:18:
      4414 Γöé   --tw-ring-color: {{$site primary color}};
           Γò╡                   ^


Γû▓ [WARNING] Unexpected "{" [css-syntax-error]

    <stdin>:4414:20:
      4414 Γöé   --tw-ring-color: {{$site primary color}};
           Γò╡                     ^


Γû▓ [WARNING] Expected identifier but found "$" [css-syntax-error]

    <stdin>:4414:21:
      4414 Γöé   --tw-ring-color: {{$site primary color}};
           Γò╡                      ^


Γû▓ [WARNING] Expected identifier but found whitespace [css-syntax-error]

    <stdin>:5102:18:
      5102 Γöé   --tw-ring-color: {{$site primary color}};
           Γò╡                   ^


Γû▓ [WARNING] Unexpected "{" [css-syntax-error]

    <stdin>:5102:20:
      5102 Γöé   --tw-ring-color: {{$site primary color}};
           Γò╡                     ^


Γû▓ [WARNING] Expected identifier but found "$" [css-syntax-error]

    <stdin>:5102:21:
      5102 Γöé   --tw-ring-color: {{$site primary color}};
           Γò╡                      ^

[39m
computing gzip size...
[2mpublic/build/[22m[32mmanifest.json            [39m[1m[2m  0.31 kB[22m[1m[22m[2m Γöé gzip:   0.16 kB[22m
[2mpublic/build/[22m[35massets/app-DJjDdqx2.css  [39m[1m[2m124.49 kB[22m[1m[22m[2m Γöé gzip:  18.14 kB[22m
[2mpublic/build/[22m[36massets/app-D9aNAYWE.js   [39m[1m[33m582.62 kB[39m[22m[2m Γöé gzip: 175.53 kB[22m
[33m
(!) Some chunks are larger than 500 kB after minification. Consider:
- Using dynamic import() to code-split the application
- Use build.rollupOptions.output.manualChunks to improve chunking: 
https://rollupjs.org/configuration-options/#output-manualchunks
- Adjust chunk size limit for this warning via 
build.chunkSizeWarningLimit.[39m
[32mΓ£ô built in 30.03s[39m
